# Aarhus after expected arrivals are created;
# ship should get here in two turns.
states {
  area_id {
    kind: "area"
    number: 4
  }
  owner_id {
    kind: "faction"
    number: 2
  }
  factions {
    faction_id {
      number: 1
      kind: "faction"
    }
    arrivals {
      timestamp: 2
      cargo {
        quantities {
          key: "trade_goods"
          value: 2000000
        }
      }
      unit_id {
        number: 1
	kind: "brig"
      }
    }
  }
}
# After registering arrival.
states {
  area_id {
    kind: "area"
    number: 4
  }
  owner_id {
    kind: "faction"
    number: 2
  }
  factions {
    faction_id {
      number: 1
      kind: "faction"
    }
    # No goods are actually delivered by the test, so the
    # arrival is not removed.
    arrivals {
      timestamp: 2
      cargo {
        quantities {
          key: "trade_goods"
          value: 2000000
        }
      }
      unit_id {
        number: 1
	kind: "brig"
      }
    }
  }
}
