# Aarhus after expected arrivals are created;
# ship should get here in two turns. (Note that
# turns start at 1, so the arrival time is
# timestamp 3.)
states {
  area_id {
    kind: "area"
    number: 4
  }
  owner_id {
    kind: "faction"
    number: 2
  }
  factions {
    faction_id {
      number: 1
      kind: "faction"
    }
    arrivals {
      timestamp: 3
      cargo {
        quantities {
          key: "trade_goods"
          value: 2000000
        }
      }
      unit_id {
        number: 1
	kind: "brig"
      }
    }
  }
}
# Ship is now in London picking up goods.
states {
  area_id {
    kind: "area"
    number: 4
  }
  owner_id {
    kind: "faction"
    number: 2
  }
  factions {
    faction_id {
      number: 1
      kind: "faction"
    }
    warehouse {}
    arrivals {
      timestamp: 3
      cargo {
        quantities {
          key: "trade_goods"
          value: 2000000
        }
      }
      unit_id {
        number: 1
	kind: "brig"
      }
    }
  }
}
# Ship arrives and offloads a little.
states {
  area_id {
    kind: "area"
    number: 4
  }
  owner_id {
    kind: "faction"
    number: 2
  }
  factions {
    faction_id {
      number: 1
      kind: "faction"
    }
    warehouse {
      quantities {
        key: "trade_goods"
        value: 166668
      }
    }
    arrivals {
      timestamp: 3
      cargo {
        quantities {
          key: "trade_goods"
          value: 1833332
        }
      }
      unit_id {
        number: 1
	kind: "brig"
      }
    }
  }
}
# Unloading finishes.
states {
  area_id {
    kind: "area"
    number: 4
  }
  owner_id {
    kind: "faction"
    number: 2
  }
  factions {
    faction_id {
      number: 1
      kind: "faction"
    }
    warehouse {
      quantities {
        key: "trade_goods"
        value: 2000000
      }
    }
  }
}
# Area produces supplies, but some of them are loaded
# onto the ship.
states {
  area_id {
    kind: "area"
    number: 4
  }
  owner_id {
    kind: "faction"
    number: 2
  }
  factions {
    faction_id {
      number: 1
      kind: "faction"
    }
    warehouse {
      quantities {
        key: "supplies"
        value: 333334
      }
      quantities {
        key: "trade_goods"
        value: 1000000
      }
    }
  }
}
