# State after creating expected arrivals.
states {
  area_id {
    kind: "area"
    number: 1
  }
  owner_id {
    kind: "faction"
    number: 1
  }
  production: "home_production_trade"
  factions {
    faction_id {
      kind: "faction"
      number: 1
    }
    warehouse {
      quantities {
        key: "trade_goods"
        value: 4000000
      }
    }
    arrivals {
      timestamp: 4
      unit_id {
        number: 1
	kind: "brig"
      }
      cargo {
        quantities {
          key: "supplies"
          value: 1666666
        }
      }
    }
  }
}
# Ship arrived and offloaded last turn (instant because it had
# no cargo); now it loads up.
states {
  area_id {
    kind: "area"
    number: 1
  }
  owner_id {
    kind: "faction"
    number: 1
  }
  production: "home_production_trade"
  factions {
    faction_id {
      kind: "faction"
      number: 1
    }
    warehouse {
      quantities {
        key: "trade_goods"
        value: 4000000
      }
    }
    arrivals {
      timestamp: 4
      unit_id {
        number: 1
	kind: "brig"
      }
      cargo {
        quantities {
          key: "supplies"
          value: 1666666
        }
      }
    }
  }
}
# Ship moves out carrying this turn's production.
states {
  area_id {
    kind: "area"
    number: 1
  }
  owner_id {
    kind: "faction"
    number: 1
  }
  production: "home_production_trade"
  factions {
    faction_id {
      kind: "faction"
      number: 1
    }
    warehouse {
      quantities {
        key: "trade_goods"
        value: 6000000
      }
    }
    arrivals {
      timestamp: 4
      unit_id {
        number: 1
	kind: "brig"
      }
      cargo {
        quantities {
          key: "supplies"
          value: 1666666
        }
      }
    }
  }
}
# Production continues.
states {
  area_id {
    kind: "area"
    number: 1
  }
  owner_id {
    kind: "faction"
    number: 1
  }
  production: "home_production_trade"
  factions {
    faction_id {
      kind: "faction"
      number: 1
    }
    warehouse {
      quantities {
        key: "trade_goods"
        value: 8000000
      }
    }
    arrivals {
      timestamp: 4
      unit_id {
        number: 1
	kind: "brig"
      }
      cargo {
        quantities {
          key: "supplies"
          value: 1666666
        }
      }
    }
  }
}
# Production continues.
states {
  area_id {
    kind: "area"
    number: 1
  }
  owner_id {
    kind: "faction"
    number: 1
  }
  production: "home_production_trade"
  factions {
    faction_id {
      kind: "faction"
      number: 1
    }
    warehouse {
      quantities {
        key: "trade_goods"
        value: 10000000
      }
    }
    arrivals {
      timestamp: 4
      unit_id {
        number: 1
	kind: "brig"
      }
      cargo {
        quantities {
          key: "supplies"
          value: 1666666
        }
      }
    }
  }
}
