states {
  unit_id {
    kind: "cavalry"
    number: 3
    tag: "poor"
  }
  location {
    a_area_id {
      kind: "area"
      number: 1
    }
  }
  faction_id {
    kind: "faction"
    number: 1
  }
  resources {
    quantities {
      key: "bad_weapons"
      value: 1000000
    }
    quantities {
      key: "hungry"
      value: 1000000
    }
    quantities {
      key: "starving"
      value: 1000000
    }
    quantities {
      key: "undisciplined"
      value: 1000000
    }
  }
}
